// Jest Snapshot v1, https://goo.gl/fbAQLP

exports[`should match snapshot 1`] = `
<Provider
  store={
    Object {
      "dispatch": [Function],
      "getState": [Function],
      "replaceReducer": [Function],
      "subscribe": [Function],
      Symbol(observable): [Function],
    }
  }
>
  <SignOut>
    <button
      className="btn btn-danger mx-5 home-btn"
      onClick={[Function]}
    >
      Sign Out
    </button>
  </SignOut>
</Provider>
`;
